// Jest Snapshot v1, https://goo.gl/fbAQLP

exports[`should render Edit Expense page 1`] = `
<div>
  <h2>
    Edit an Expense
  </h2>
  <ExpenseForm
    expense={
      Object {
        "amount": 195,
        "createdAt": 0,
        "description": "Order pizza",
        "id": "1",
        "note": "",
      }
    }
    onSubmit={[Function]}
  />
  <button
    onClick={[Function]}
    type="button"
  >
    Remove
  </button>
</div>
`;
